<HTML>
<HEAD>
<title>index of directory</title>
</HEAD>
<BODY bgcolor="#FFFFFF">
<h4>VERSIONS OF GOLDEN RULE SIMULATOR</h4>
<table>

<!-- Produced by awk and sed-->



<TR>
<td><a href="Fermi_golden_Rule_2021.html"><BIG><BIG>Fermi_Golden_Rule_2021.html</a>
&nbsp;&nbsp;&nbsp;&nbsp;&nbsp;&nbsp;</td><td>
Oct 1 2021 &nbsp;&nbsp;&nbsp; &nbsp;&nbsp;&nbsp;</td><td>    0.070 MBytes</td> <td><BIG>
2021 Version: tics, logscale, Fermi rate
           <br>added examples, history, Recurrence<br>
History/Notes function corrected</td>
</TR>

    

<TR>
<td style="background-color: rgb(255, 255, 225);"><BIG><a href="Fermi_golden_PHYS261.html">Fermi_golden_PHYS261.html</a> &nbsp;&nbsp;&nbsp;&nbsp;&nbsp;&nbsp;</td><td>Oct 29 2020&nbsp;&nbsp;&nbsp; &nbsp;&nbsp;&nbsp;</td><td>    0.0482 MBytes</td>
<td><BIG>&nbsp;&nbsp;Use in PHYS261 module 3; no V adjustments</td>
<TR>
<TR>
<td style="background-color: rgb(225, 225, 255);"><BIG><a href="Fermi_golden_Jan_P_E_range.html">Fermi_golden_Jan_P_E_range.html</a> &nbsp;&nbsp;&nbsp;&nbsp;&nbsp;&nbsp;</td><td>Oct 29 2020&nbsp;&nbsp;&nbsp; &nbsp;&nbsp;&nbsp;</td><td>    0.0514 MBytes</td><td><BIG>&nbsp;&nbsp;Exploring the short times</td>
</TR>

<TR>
<td><a href="fermi_golden_rule_3.html"><BIG>fermi_golden_rule_3.html</a> &nbsp;&nbsp;&nbsp;&nbsp;&nbsp;&nbsp;</td><td>Sep 3 2010&nbsp;&nbsp;&nbsp; &nbsp;&nbsp;&nbsp;</td><td>    0.0475 MBytes</td> <td><BIG>&nbsp;&nbsp;The original version used</td>
</TR>

<TR>
<td style="font-family:monospace; font-size: 14pt;"><a href="fermi_golden_plot_5.html"><BIG>fermi_golden_plot_5.html</a> &nbsp;&nbsp;&nbsp;&nbsp;&nbsp;&nbsp;</td><td>Aug 16 2010&nbsp;&nbsp;&nbsp; &nbsp;&nbsp;&nbsp;</td><td>    0.0229 MBytes</td> <td><BIG>&nbsp;&nbsp;Drawing by letters, historical</td>
</TR>


<TR>
<td style="font-family:monospace; font-size: 14pt;"><BIG>...</a> &nbsp;&nbsp;&nbsp;&nbsp;&nbsp;&nbsp;</td><td>&nbsp;&nbsp;&nbsp; &nbsp;&nbsp;&nbsp;</td><td>    ....</td> <td><BIG>&nbsp;&nbsp;...</td>
</TR>


<TR>
<td><a href="Fermi_golden_Jan_P_exp.html"><big>Fermi_golden_Jan_P_exp.html</a> 
&nbsp;&nbsp;&nbsp;&nbsp;&nbsp;&nbsp;</td><td>Nov 5  2020 &nbsp;&nbsp;&nbsp; &nbsp;&nbsp;&nbsp;</td><td>    0.070 MBytes</td> <td><BIG>UPGRADED 2020: tics, logscale, Fermi rate
           <br>added examples, history, Recurrence</td>
</TR>



</table>
<br>
<BIG>
<hr>
In the old versions there is a broken link.<br>
The copy of of it is
<span style="background-color: rgb(255, 255, 225);"> <a href="http://folk.uib.no/nfylk/1996golden/Golden.html">
http://folk.uib.no/nfylk/1996golden/Golden.html</a></span><br> 
a record of a 1996 explanation of the model<br>
In the updated versions there is this corrected link
<br>
<br>
The version without graphics, where drawing is done by letters has been<br>
written for people who were using Microsoft Internet Explorer.<br>
IE did not support the HTML canvas, but more and gradually more and more <br>
people were using Firefox. <br>
Nowadays Microsoft browser is actually based on google chrome engine,<br>
so the same graphics works in all browsers.
<br>
<br>
Also, when this all was written, writing the text into the graphics<br>
was not supported equally, thus the ticks on the axes and the values<br>
were not added then. I hope to do it soon, now all is "easy".
<br>
<br>
The ticks and the values on the axes were added today, Oct. 28,2020.
<br>
The values now also update themselves when you interrupt
a long calculation.
<br>
<hr>
<br>
</body>
</html>
